// Jest Snapshot v1, https://goo.gl/fbAQLP

exports[`Line Graph Widget Example dummy test 1`] = `[Function]`;
