// Jest Snapshot v1, https://goo.gl/fbAQLP

exports[`Sales Graph onRun to match snapshot 1`] = `[Function]`;
