// Jest Snapshot v1, https://goo.gl/fbAQLP

exports[`Quotes Widget Example dummy test 1`] = `[Function]`;
