// Jest Snapshot v1, https://goo.gl/fbAQLP

exports[`Image Widget Example dummy test 1`] = `[Function]`;
