// Jest Snapshot v1, https://goo.gl/fbAQLP

exports[`Google Calendar Widget Example dummy test 1`] = `[Function]`;
