// Jest Snapshot v1, https://goo.gl/fbAQLP

exports[`Key Value List Widget Example dummy test 1`] = `[Function]`;
