// Jest Snapshot v1, https://goo.gl/fbAQLP

exports[`Quotes onRun to match snapshot 1`] = `[Function]`;
