// Jest Snapshot v1, https://goo.gl/fbAQLP

exports[`Issue Types onRun to match snapshot 1`] = `[Function]`;
